[debug] [2025-10-01T15:04:04.743Z] ----------------------------------------------------------------------
[debug] [2025-10-01T15:04:04.744Z] Command:       /opt/homebrew/Cellar/node/24.8.0/bin/node /opt/homebrew/bin/firebase init
[debug] [2025-10-01T15:04:04.744Z] CLI Version:   14.17.0
[debug] [2025-10-01T15:04:04.744Z] Platform:      darwin
[debug] [2025-10-01T15:04:04.744Z] Node Version:  v24.8.0
[debug] [2025-10-01T15:04:04.744Z] Time:          Wed Oct 01 2025 20:34:04 GMT+0530 (India Standard Time)
[debug] [2025-10-01T15:04:04.744Z] ----------------------------------------------------------------------
[debug] 
[debug] [2025-10-01T15:04:04.745Z] >>> [apiv2][query] GET https://firebase-public.firebaseio.com/cli.json [none]
[debug] [2025-10-01T15:04:04.755Z] > command requires scopes: ["email","openid","https://www.googleapis.com/auth/cloudplatformprojects.readonly","https://www.googleapis.com/auth/firebase","https://www.googleapis.com/auth/cloud-platform"]
[debug] [2025-10-01T15:04:04.755Z] > authorizing via signed-in user (chetan.is23@sahyadri.edu.in)
[info] 
     ######## #### ########  ######## ########     ###     ######  ########
     ##        ##  ##     ## ##       ##     ##  ##   ##  ##       ##
     ######    ##  ########  ######   ########  #########  ######  ######
     ##        ##  ##    ##  ##       ##     ## ##     ##       ## ##
     ##       #### ##     ## ######## ########  ##     ##  ######  ########

You're about to initialize a Firebase project in this directory:

  /Users/chetanbaliga/Desktop/attendence project 

[debug] [2025-10-01T15:04:05.408Z] <<< [apiv2][status] GET https://firebase-public.firebaseio.com/cli.json 200
[debug] [2025-10-01T15:04:05.408Z] <<< [apiv2][body] GET https://firebase-public.firebaseio.com/cli.json {"cloudBuildErrorAfter":1594252800000,"cloudBuildWarnAfter":1590019200000,"defaultNode10After":1594252800000,"minVersion":"3.0.5","node8DeploysDisabledAfter":1613390400000,"node8RuntimeDisabledAfter":1615809600000,"node8WarnAfter":1600128000000}
[info] 
=== Project Setup
[info] 
[info] First, let's associate this project directory with a Firebase project.
[info] You can create multiple project aliases by running firebase use --add, 
[info] but for now we'll just set up a default project.
[info] 
[debug] [2025-10-01T15:05:57.011Z] Checked if tokens are valid: false, expires at: 1758357046104
[debug] [2025-10-01T15:05:57.011Z] Checked if tokens are valid: false, expires at: 1758357046104
[debug] [2025-10-01T15:05:57.011Z] > refreshing access token with scopes: []
[debug] [2025-10-01T15:05:57.012Z] >>> [apiv2][query] POST https://www.googleapis.com/oauth2/v3/token [none]
[debug] [2025-10-01T15:05:57.012Z] >>> [apiv2][body] POST https://www.googleapis.com/oauth2/v3/token [omitted]
[debug] [2025-10-01T15:05:57.315Z] <<< [apiv2][status] POST https://www.googleapis.com/oauth2/v3/token 200
[debug] [2025-10-01T15:05:57.315Z] <<< [apiv2][body] POST https://www.googleapis.com/oauth2/v3/token [omitted]
[debug] [2025-10-01T15:05:57.326Z] >>> [apiv2][query] GET https://firebase.googleapis.com/v1beta1/projects pageSize=100
[debug] [2025-10-01T15:05:58.134Z] <<< [apiv2][status] GET https://firebase.googleapis.com/v1beta1/projects 200
[debug] [2025-10-01T15:05:58.135Z] <<< [apiv2][body] GET https://firebase.googleapis.com/v1beta1/projects [omitted]
